// Jest Snapshot v1, https://goo.gl/fbAQLP

exports[`Nav should match snapshot 1`] = `
<nav>
  <ul>
    <li>
      <Link
        href="/"
        prefetch={true}
      >
        <a>
          Home
        </a>
      </Link>
    </li>
    <li>
      <Link
        href="/anotherPage"
        prefetch={true}
      >
        <a>
          Another Page
        </a>
      </Link>
    </li>
  </ul>
</nav>
`;
